// Jest Snapshot v1, https://goo.gl/fbAQLP

exports[`Pruebas en el Home view debe de renderizar el componente correctament 1`] = `<div class="home"><img alt="Vue logo" src=""></div><button class="btn btn-primary">primary</button><button class="btn btn-secondary">secondary</button><button class="btn btn-success">success</button><button class="btn btn-warning">warning</button>`;
